[INFO] Scanning for projects...
[INFO] 
[INFO] --------------------< com.example:hemolink-backend >--------------------
[INFO] Building hemolink-backend 0.0.1-SNAPSHOT
[INFO]   from pom.xml
[INFO] --------------------------------[ jar ]---------------------------------
[INFO] 
[INFO] --- resources:3.3.1:resources (default-resources) @ hemolink-backend ---
[INFO] Copying 1 resource from src\main\resources to target\classes
[INFO] Copying 3 resources from src\main\resources to target\classes
[INFO] 
[INFO] --- compiler:3.14.1:compile (default-compile) @ hemolink-backend ---
[INFO] Nothing to compile - all classes are up to date.
[INFO] 
[INFO] --- resources:3.3.1:testResources (default-testResources) @ hemolink-backend ---
[INFO] skip non existing resourceDirectory C:\Users\Youcode\hemolink-backend\src\test\resources
[INFO] 
[INFO] --- compiler:3.14.1:testCompile (default-testCompile) @ hemolink-backend ---
[INFO] Recompiling the module because of changed source code.
[INFO] Compiling 2 source files with javac [debug parameters release 17] to target\test-classes
[INFO] Some messages have been simplified; recompile with -Xdiags:verbose to get full output
[INFO] -------------------------------------------------------------
[ERROR] COMPILATION ERROR : 
[INFO] -------------------------------------------------------------
[ERROR] /C:/Users/Youcode/hemolink-backend/src/test/java/com/example/hemolinkbackend/service/impl/DonneurServiceImplTest.java:[59,22] constructor DonneurDto in record com.example.hemolinkbackend.dto.request.DonneurDto cannot be applied to given types;
  required: java.lang.Long,com.example.hemolinkbackend.enums.GroupeSanguin,java.time.LocalDate,java.lang.Double,java.time.LocalDate,java.lang.Integer
  found:    long,java.lang.String,java.lang.String,java.lang.String,java.time.LocalDate
  reason: actual and formal argument lists differ in length
[ERROR] /C:/Users/Youcode/hemolink-backend/src/test/java/com/example/hemolinkbackend/service/impl/DonneurServiceImplTest.java:[61,110] incompatible types: boolean cannot be converted to com.example.hemolinkbackend.enums.GroupeSanguin
[INFO] 2 errors 
[INFO] -------------------------------------------------------------
[INFO] ------------------------------------------------------------------------
[INFO] BUILD FAILURE
[INFO] ------------------------------------------------------------------------
[INFO] Total time:  5.574 s
[INFO] Finished at: 2026-03-31T01:53:01+01:00
[INFO] ------------------------------------------------------------------------
[ERROR] Failed to execute goal org.apache.maven.plugins:maven-compiler-plugin:3.14.1:testCompile (default-testCompile) on project hemolink-backend: Compilation failure: Compilation failure: 
[ERROR] /C:/Users/Youcode/hemolink-backend/src/test/java/com/example/hemolinkbackend/service/impl/DonneurServiceImplTest.java:[59,22] constructor DonneurDto in record com.example.hemolinkbackend.dto.request.DonneurDto cannot be applied to given types;
[ERROR]   required: java.lang.Long,com.example.hemolinkbackend.enums.GroupeSanguin,java.time.LocalDate,java.lang.Double,java.time.LocalDate,java.lang.Integer
[ERROR]   found:    long,java.lang.String,java.lang.String,java.lang.String,java.time.LocalDate
[ERROR]   reason: actual and formal argument lists differ in length
[ERROR] /C:/Users/Youcode/hemolink-backend/src/test/java/com/example/hemolinkbackend/service/impl/DonneurServiceImplTest.java:[61,110] incompatible types: boolean cannot be converted to com.example.hemolinkbackend.enums.GroupeSanguin
[ERROR] -> [Help 1]
[ERROR] 
[ERROR] To see the full stack trace of the errors, re-run Maven with the -e switch.
[ERROR] Re-run Maven using the -X switch to enable full debug logging.
[ERROR] 
[ERROR] For more information about the errors and possible solutions, please read the following articles:
[ERROR] [Help 1] http://cwiki.apache.org/confluence/display/MAVEN/MojoFailureException
